
> grant-mange@0.1.0 build
> next build

Γû▓ Next.js 16.1.4 (Turbopack)
- Environments: .env.local

  Creating an optimized production build ...
Γ£ô Compiled successfully in 8.5s
  Running TypeScript ...
node.exe : Failed to compile.
At line:1 char:1
+ & "C:\Program Files\nodejs/node.exe" 
"C:\Users\KVK\AppData\Roaming\np ...
+ ~~~~~~~~~~~~~~~~~~~~~~~~~~~~~~~~~~~~~~~~~~
~~~~~~~~~~~~~~~~~~~~~~~~~~~
    + CategoryInfo          : NotSpecified: 
    (Failed to compile.:String) [], Remote  
  Exception
    + FullyQualifiedErrorId : NativeCommand 
   Error
 

./src/app/panchayat/page.tsx:513:90
Type error: Type '{ children: string; type: 
"submit"; variant: "primary"; loading: 
boolean; block: true; }' is not assignable 
to type 'IntrinsicAttributes & ButtonProps'.
  Property 'block' does not exist on type 
'IntrinsicAttributes & ButtonProps'.

[0m [90m 511 |[39m                       
      [33m<[39m[33m/[39m[33mdiv[39m[3
3m>[39m
 [90m 512 |[39m
[31m[1m>[22m[39m[90m 513 |[39m        
                     
[33m<[39m[33mButton[39m 
type[33m=[39m[32m"submit"[39m 
variant[33m=[39m[32m"primary"[39m 
loading[33m=[39m{submitting} 
block[33m>[39m
 [90m     |[39m                           
                                            
                   [31m[1m^[22m[39m
 [90m 514 |[39m                           
      [33mSubmit[39m [33mApplication[39m
 [90m 515 |[39m                           
  [33m<[39m[33m/[39m[33mButton[39m[33
m>[39m
 [90m 516 |[39m                         [
33m<[39m[33m/[39m[33mform[39m[33m>[39
m[0m
Next.js build worker exited with code: 1 
and signal: null
